13:50:19 **** Incremental Build of configuration Debug for project CANTx ****
make -j11 all 
arm-none-eabi-gcc "../Core/Src/main.c" -mcpu=cortex-m3 -std=gnu11 -g3 -DDEBUG -DUSE_HAL_DRIVER -DSTM32F103xB -c -I../Core/Inc -I../Drivers/STM32F1xx_HAL_Driver/Inc/Legacy -I../Drivers/STM32F1xx_HAL_Driver/Inc -I../Drivers/CMSIS/Device/ST/STM32F1xx/Include -I../Drivers/CMSIS/Include -O0 -ffunction-sections -fdata-sections -Wall -fstack-usage -MMD -MP -MF"Core/Src/main.d" -MT"Core/Src/main.o" --specs=nano.specs -mfloat-abi=soft -mthumb -o "Core/Src/main.o"
arm-none-eabi-gcc -o "CANTx.elf" @"objects.list"   -mcpu=cortex-m3 -T"/Users/changdennis/Drive/Engineering/Projects/Robot-Sumo/Software/MultiMCUsTest/CANTx/STM32F103C8TX_FLASH.ld" --specs=nosys.specs -Wl,-Map="CANTx.map" -Wl,--gc-sections -static --specs=nano.specs -mfloat-abi=soft -mthumb -Wl,--start-group -lc -lm -Wl,--end-group
Finished building target: CANTx.elf
 
arm-none-eabi-size   CANTx.elf 
arm-none-eabi-objdump -h -S  CANTx.elf  > "CANTx.list"
   text	   data	    bss	    dec	    hex	filename
   5784	     20	   1644	   7448	   1d18	CANTx.elf
Finished building: default.size.stdout
 
Finished building: CANTx.list
 

13:50:19 Build Finished. 0 errors, 0 warnings. (took 764ms)

