11:35:16 **** Incremental Build of configuration Debug for project MotherBrdRx ****
make -j11 all 
arm-none-eabi-gcc "../Core/Src/main.c" -mcpu=cortex-m3 -std=gnu11 -g3 -DDEBUG -DUSE_HAL_DRIVER -DSTM32F103xB -c -I../Core/Inc -I../Drivers/STM32F1xx_HAL_Driver/Inc/Legacy -I../Drivers/STM32F1xx_HAL_Driver/Inc -I../Drivers/CMSIS/Device/ST/STM32F1xx/Include -I../Drivers/CMSIS/Include -O0 -ffunction-sections -fdata-sections -Wall -fstack-usage -MMD -MP -MF"Core/Src/main.d" -MT"Core/Src/main.o" --specs=nano.specs -mfloat-abi=soft -mthumb -o "Core/Src/main.o"
arm-none-eabi-gcc -o "MotherBrdRx.elf" @"objects.list"   -mcpu=cortex-m3 -T"/Users/changdennis/Drive/Engineering/Projects/Robot-Sumo/Software/MultiMCUsTest/MotherBrdRx/STM32F103C8TX_FLASH.ld" --specs=nosys.specs -Wl,-Map="MotherBrdRx.map" -Wl,--gc-sections -static --specs=nano.specs -mfloat-abi=soft -mthumb -Wl,--start-group -lc -lm -Wl,--end-group
Finished building target: MotherBrdRx.elf
 
arm-none-eabi-size   MotherBrdRx.elf 
arm-none-eabi-objdump -h -S  MotherBrdRx.elf  > "MotherBrdRx.list"
   text	   data	    bss	    dec	    hex	filename
  13496	    120	   1752	  15368	   3c08	MotherBrdRx.elf
Finished building: default.size.stdout
 
Finished building: MotherBrdRx.list
 

11:35:17 Build Finished. 0 errors, 0 warnings. (took 755ms)

