11:35:14 **** Incremental Build of configuration Debug for project SensorBrdTx ****
make -j11 all 
arm-none-eabi-gcc "../Core/Src/main.c" -mcpu=cortex-m3 -std=gnu11 -g3 -DDEBUG -DUSE_HAL_DRIVER -DSTM32F103xB -c -I../Core/Inc -I../Drivers/STM32F1xx_HAL_Driver/Inc/Legacy -I../Drivers/STM32F1xx_HAL_Driver/Inc -I../Drivers/CMSIS/Device/ST/STM32F1xx/Include -I../Drivers/CMSIS/Include -O0 -ffunction-sections -fdata-sections -Wall -fstack-usage -MMD -MP -MF"Core/Src/main.d" -MT"Core/Src/main.o" --specs=nano.specs -mfloat-abi=soft -mthumb -o "Core/Src/main.o"
../Core/Src/main.c: In function 'main':
../Core/Src/main.c:106:10: warning: unused variable 'dummyData' [-Wunused-variable]
  106 |  uint8_t dummyData = 0x01;
      |          ^~~~~~~~~
arm-none-eabi-g++ -o "SensorBrdTx.elf" @"objects.list"   -mcpu=cortex-m3 -T"/Users/changdennis/Drive/Engineering/Projects/Robot-Sumo/Software/MultiMCUsTest/SensorBrdTx/STM32F103C8TX_FLASH.ld" --specs=nosys.specs -Wl,-Map="SensorBrdTx.map" -Wl,--gc-sections -static --specs=nano.specs -mfloat-abi=soft -mthumb -Wl,--start-group -lc -lm -lstdc++ -lsupc++ -Wl,--end-group
Finished building target: SensorBrdTx.elf
 
arm-none-eabi-size   SensorBrdTx.elf 
arm-none-eabi-objdump -h -S  SensorBrdTx.elf  > "SensorBrdTx.list"
   text	   data	    bss	    dec	    hex	filename
   6736	     20	   1732	   8488	   2128	SensorBrdTx.elf
Finished building: default.size.stdout
 
Finished building: SensorBrdTx.list
 

11:35:14 Build Finished. 0 errors, 1 warnings. (took 749ms)

