../Core/Src/main.c:70:6:EnableSensor	1
../Core/Src/main.c:75:6:DisableSensor	1
../Core/Src/main.c:81:9:_write	1
../Core/Src/main.c:87:6:GetMeasurements	1
../Core/Src/main.c:102:6:SetDeviceAddress	1
../Core/Src/main.c:108:6:InitSensor	2
../Core/Src/main.c:149:7:InitAllSensors2Ranging	3
../Core/Src/main.c:146:5:main	2
../Core/Src/main.c:223:6:SystemClock_Config	3
../Core/Src/main.c:262:13:MX_I2C2_Init	2
../Core/Src/main.c:294:13:MX_USART1_UART_Init	2
../Core/Src/main.c:325:13:MX_GPIO_Init	1
../Core/Src/main.c:374:6:Error_Handler	1
