../Core/Src/main.c:70:6:EnableSensor	16	static
../Core/Src/main.c:75:6:DisableSensor	16	static
../Core/Src/main.c:81:9:_write	24	static
../Core/Src/main.c:87:6:GetMeasurements	40	static
../Core/Src/main.c:102:6:SetDeviceAddress	40	static
../Core/Src/main.c:108:6:InitSensor	48	static
../Core/Src/main.c:149:7:InitAllSensors2Ranging	40	static
../Core/Src/main.c:146:5:main	40	static
../Core/Src/main.c:223:6:SystemClock_Config	72	static
../Core/Src/main.c:262:13:MX_I2C2_Init	8	static
../Core/Src/main.c:294:13:MX_USART1_UART_Init	8	static
../Core/Src/main.c:325:13:MX_GPIO_Init	40	static
../Core/Src/main.c:374:6:Error_Handler	4	static,ignoring_inline_asm
